[finish_eco] waiting for sweep PID 4174434  (Thu Aug 27 12:54:14 EDT 2026)
[finish_eco] sweep exited (Thu Aug 27 13:36:36 EDT 2026)
----- eco_sweep.csv -----
lam,frac_L1_mean,frac_L1_std,pop_mean,extinct,n
0.0,0.1813,0.3479,32.33,0,6
0.25,0.4739,0.4469,29.50,0,6
0.5,0.0344,0.0276,31.33,0,6
1.0,0.0198,0.0211,32.00,1,6
2.0,0.0104,0.0077,35.50,0,6
[finish_eco] running validation gate -> results/eco_validation.log (Thu Aug 27 13:36:36 EDT 2026)
----- validation tail -----
device=cuda
=== NESS-Ecology validation gate ===
[1] conservation: PASS (120 ticks, no violation)  final pop=25
[2] no-negative energy / pool: PASS (asserted every tick)
[3] order-independence: PASS  (total 249.6 vs 249.6; per-agent match=True)
[4] population stability: PASS  tail pop mean=23.8 min=19 max=31 (cap 64)
[5] heritability (parent-offspring health r): PASS  r=1.00 (n=169)
[6] predation live & viable: PASS  (ON n=24 attacks=1136 stolen=475.2; OFF n=53)
    reported lineage diversity (tag eff-#): ON=13.66  OFF=13.11  (empirical, not a pass/fail gate)

VALIDATION GATE: ALL CORE CHECKS PASS
[finish_eco] regenerating report (Thu Aug 27 13:44:55 EDT 2026)
wrote results/eco_report.html  (129837 bytes)
[finish_eco] DONE (Thu Aug 27 13:45:18 EDT 2026)
